src/app/api/memory/route.route.ts(12,40): error TS2339: Property 'addMemory' does not exist on type 'typeof MemoryService'.
src/app/api/memory/route.route.ts(45,44): error TS2339: Property 'recallMemories' does not exist on type 'typeof MemoryService'.
src/app/api/memory/route.route.ts(48,44): error TS2339: Property 'getConversationMemories' does not exist on type 'typeof MemoryService'.
src/app/api/memory/route.route.ts(65,25): error TS2339: Property 'updateImportance' does not exist on type 'typeof MemoryService'.
src/app/api/memory/route.route.ts(88,25): error TS2339: Property 'deleteMemory' does not exist on type 'typeof MemoryService'.
src/app/api/memory/route.ts(12,40): error TS2339: Property 'addMemory' does not exist on type 'typeof MemoryService'.
src/app/api/memory/route.ts(45,44): error TS2339: Property 'recallMemories' does not exist on type 'typeof MemoryService'.
src/app/api/memory/route.ts(48,44): error TS2339: Property 'getConversationMemories' does not exist on type 'typeof MemoryService'.
src/app/api/memory/route.ts(65,25): error TS2339: Property 'updateImportance' does not exist on type 'typeof MemoryService'.
src/app/api/memory/route.ts(88,25): error TS2339: Property 'deleteMemory' does not exist on type 'typeof MemoryService'.
src/app/chat/[branchId]/page.page.tsx(9,20): error TS18047: 'params' is possibly 'null'.
src/app/chat/[branchId]/page.tsx(9,20): error TS18047: 'params' is possibly 'null'.
src/components/chat-branches-view.tsx(365,21): error TS2322: Type '(ai: AI) => void' is not assignable to type '(aiId: string) => void'.
  Types of parameters 'ai' and 'aiId' are incompatible.
    Type 'string' is not assignable to type 'AI'.
src/components/chat-branches-view.tsx(477,23): error TS2322: Type '(ai: AI) => void' is not assignable to type '(aiId: string) => void'.
  Types of parameters 'ai' and 'aiId' are incompatible.
    Type 'string' is not assignable to type 'AI'.
src/components/flow-canvas/branch-store.ts(135,10): error TS2352: Conversion of type '{ get: () => undefined; set: () => void; has: () => false; delete: () => void; getAllIds: () => never[]; getAll: () => never[]; getByParent: () => never[]; updateMetadata: () => void; addMessage: () => void; removeMessage: () => void; clear: () => void; export: () => never[]; import: () => void; }' to type 'BranchStore' may be a mistake because neither type sufficiently overlaps with the other. If this was intentional, convert the expression to 'unknown' first.
  Property 'branches' is missing in type '{ get: () => undefined; set: () => void; has: () => false; delete: () => void; getAllIds: () => never[]; getAll: () => never[]; getByParent: () => never[]; updateMetadata: () => void; addMessage: () => void; removeMessage: () => void; clear: () => void; export: () => never[]; import: () => void; }' but required in type 'BranchStore'.
src/components/flow-canvas/edge-management.ts(234,4): error TS2353: Object literal may only specify known properties, and 'animated' does not exist in type 'Properties<string | number, string & {}>'.
src/components/flow-canvas/message-handling.ts(209,53): error TS7006: Parameter 'msg' implicitly has an 'any' type.
src/components/flow-canvas/message-store.ts(109,10): error TS2352: Conversion of type '{ get: () => undefined; set: () => void; getMany: () => never[]; has: () => false; delete: () => void; getAll: () => never[]; getByNodeId: () => never[]; clear: () => void; size: () => number; setMany: () => void; export: () => never[]; import: () => void; }' to type 'MessageStore' may be a mistake because neither type sufficiently overlaps with the other. If this was intentional, convert the expression to 'unknown' first.
  Property 'messages' is missing in type '{ get: () => undefined; set: () => void; getMany: () => never[]; has: () => false; delete: () => void; getAll: () => never[]; getByNodeId: () => never[]; clear: () => void; size: () => number; setMany: () => void; export: () => never[]; import: () => void; }' but required in type 'MessageStore'.
src/components/node-list-panel.tsx(65,27): error TS2345: Argument of type '(node: NodeData & { children: NodeData[]; }) => void' is not assignable to parameter of type '(value: NodeData, index: number, array: NodeData[]) => void'.
  Types of parameters 'node' and 'value' are incompatible.
    Type 'NodeData' is not assignable to type 'NodeData & { children: NodeData[]; }'.
      Property 'children' is missing in type 'NodeData' but required in type '{ children: NodeData[]; }'.
src/components/node-list-panel.tsx(216,15): error TS2322: Type 'NodeData' is not assignable to type 'NodeData & { children: NodeData[]; }'.
  Property 'children' is missing in type 'NodeData' but required in type '{ children: NodeData[]; }'.
src/models/conversation.ts(52,48): error TS2339: Property 'role' does not exist on type 'IMessage'.
src/models/conversation.ts(76,44): error TS2339: Property 'role' does not exist on type 'Document<unknown, {}, FlatRecord<IMessage>, {}, ResolveSchemaOptions<DefaultSchemaOptions>> & FlatRecord<...> & { ...; } & { ...; }'.
src/services/branch-comparator.ts(21,14): error TS2503: Cannot find namespace 'diff'.
src/services/branch-comparator.ts(44,48): error TS7006: Parameter 'b' implicitly has an 'any' type.
src/services/branch-comparator.ts(45,48): error TS7006: Parameter 'b' implicitly has an 'any' type.
src/services/branch-link-manager.ts(160,55): error TS7006: Parameter 'b' implicitly has an 'any' type.
src/services/branch-link-manager.ts(161,55): error TS7006: Parameter 'b' implicitly has an 'any' type.
src/services/branch-link-manager.ts(198,53): error TS7006: Parameter 'b' implicitly has an 'any' type.
src/services/branch-link-manager.ts(199,53): error TS7006: Parameter 'b' implicitly has an 'any' type.
src/services/branch-link-manager.ts(211,11): error TS7006: Parameter 'id' implicitly has an 'any' type.
src/services/branch-link-manager.ts(226,11): error TS7006: Parameter 'id' implicitly has an 'any' type.
src/services/branch-link-manager.ts(249,47): error TS7006: Parameter 'b' implicitly has an 'any' type.
src/services/branch-link-manager.ts(273,55): error TS7006: Parameter 'b' implicitly has an 'any' type.
src/services/memory-service.ts(176,27): error TS2345: Argument of type 'FlattenMaps<any> & Required<{ _id: unknown; }> & { __v: number; }' is not assignable to parameter of type 'IMemoryEntry'.
  Type 'FlattenMaps<any> & Required<{ _id: unknown; }> & { __v: number; }' is missing the following properties from type 'IMemoryEntry': id, content, normalizedHash, relevanceScore, and 3 more.
src/services/memory-service.ts(214,7): error TS2322: Type '(FlattenMaps<any> & Required<{ _id: unknown; }> & { __v: number; })[]' is not assignable to type 'IMemoryEntry[]'.
  Type 'FlattenMaps<any> & Required<{ _id: unknown; }> & { __v: number; }' is missing the following properties from type 'IMemoryEntry': id, content, normalizedHash, relevanceScore, and 3 more.
src/services/memory-service.ts(216,7): error TS2322: Type '(FlattenMaps<any> & Required<{ _id: unknown; }> & { __v: number; })[]' is not assignable to type 'IMemoryEntry[]'.
  Type 'FlattenMaps<any> & Required<{ _id: unknown; }> & { __v: number; }' is missing the following properties from type 'IMemoryEntry': id, content, normalizedHash, relevanceScore, and 3 more.
src/services/unified-api-wrapper.ts(177,30): error TS2341: Property 'mistralAPI' is private and only accessible within class 'AIService'.
src/services/unified-api-wrapper.ts(177,41): error TS2554: Expected 3-5 arguments, but got 2.
src/services/unified-api-wrapper.ts(179,30): error TS2341: Property 'geminiAPI' is private and only accessible within class 'AIService'.
src/services/unified-api-wrapper.ts(179,40): error TS2554: Expected 3-5 arguments, but got 2.
src/utils/conversation-restore.tsx(84,2): error TS2353: Object literal may only specify known properties, and 'functional' does not exist in type 'AI'.
